5                  pim_activate           5   0   0   0    0xa4c      0x0
19                 gh_read                5   0   0   0    0xa4c      0x0
21                 gh_read                5   0   0   0    0xa4c      0x1
23                 gh_read                5   0   0   0    0xa4c      0x2
25                 gh_read                5   0   0   0    0xa4c      0x3
27                 gh_read                5   0   0   0    0xa4c      0x4
29                 gh_read                5   0   0   0    0xa4c      0x5
31                 gh_read                5   0   0   0    0xa4c      0x6
33                 gh_read                5   0   0   0    0xa4c      0x7
35                 gh_read                5   0   0   0    0xa4c      0x8
37                 gh_read                5   0   0   0    0xa4c      0x9
39                 gh_read                5   0   0   0    0xa4c      0xa
41                 gh_read                5   0   0   0    0xa4c      0xb
43                 gh_read                5   0   0   0    0xa4c      0xc
45                 gh_read                5   0   0   0    0xa4c      0xd
47                 gh_read                5   0   0   0    0xa4c      0xe
49                 gh_read                5   0   0   0    0xa4c      0xf
51                 gh_read                5   0   0   0    0xa4c     0x10
53                 gh_read                5   0   0   0    0xa4c     0x11
55                 gh_read                5   0   0   0    0xa4c     0x12
57                 gh_read                5   0   0   0    0xa4c     0x13
59                 gh_read                5   0   0   0    0xa4c     0x14
61                 gh_read                5   0   0   0    0xa4c     0x15
63                 gh_read                5   0   0   0    0xa4c     0x16
65                 gh_read                5   0   0   0    0xa4c     0x17
67                 gh_read                5   0   0   0    0xa4c     0x18
69                 gh_read                5   0   0   0    0xa4c     0x19
71                 gh_read                5   0   0   0    0xa4c     0x1a
73                 gh_read                5   0   0   0    0xa4c     0x1b
75                 gh_read                5   0   0   0    0xa4c     0x1c
77                 gh_read                5   0   0   0    0xa4c     0x1d
79                 gh_read                5   0   0   0    0xa4c     0x1e
81                 gh_read                5   0   0   0    0xa4c     0x1f
83                 gh_read                5   0   0   0    0xa4c     0x20
85                 gh_read                5   0   0   0    0xa4c     0x21
87                 gh_read                5   0   0   0    0xa4c     0x22
89                 gh_read                5   0   0   0    0xa4c     0x23
91                 gh_read                5   0   0   0    0xa4c     0x24
93                 gh_read                5   0   0   0    0xa4c     0x25
95                 gh_read                5   0   0   0    0xa4c     0x26
97                 gh_read                5   0   0   0    0xa4c     0x27
99                 gh_read                5   0   0   0    0xa4c     0x28
101                gh_read                5   0   0   0    0xa4c     0x29
103                gh_read                5   0   0   0    0xa4c     0x2a
105                gh_read                5   0   0   0    0xa4c     0x2b
107                gh_read                5   0   0   0    0xa4c     0x2c
109                gh_read                5   0   0   0    0xa4c     0x2d
111                gh_read                5   0   0   0    0xa4c     0x2e
113                gh_read                5   0   0   0    0xa4c     0x2f
115                gh_read                5   0   0   0    0xa4c     0x30
117                gh_read                5   0   0   0    0xa4c     0x31
119                gh_read                5   0   0   0    0xa4c     0x32
121                gh_read                5   0   0   0    0xa4c     0x33
123                gh_read                5   0   0   0    0xa4c     0x34
125                gh_read                5   0   0   0    0xa4c     0x35
127                gh_read                5   0   0   0    0xa4c     0x36
129                gh_read                5   0   0   0    0xa4c     0x37
131                gh_read                5   0   0   0    0xa4c     0x38
133                gh_read                5   0   0   0    0xa4c     0x39
135                gh_read                5   0   0   0    0xa4c     0x3a
137                gh_read                5   0   0   0    0xa4c     0x3b
139                gh_read                5   0   0   0    0xa4c     0x3c
141                gh_read                5   0   0   0    0xa4c     0x3d
143                gh_read                5   0   0   0    0xa4c     0x3e
145                gh_read_p              5   0   0   0    0xa4c     0x3f
164                pim_activate           5   0   0   0      0x0      0x0
164                pim_activate           5   0   0   1      0x0      0x0
164                pim_activate           5   0   0   2      0x0      0x0
164                pim_activate           5   0   0   3      0x0      0x0
194                pim_activate           5   0   1   0      0x0      0x0
194                pim_activate           5   0   1   1      0x0      0x0
194                pim_activate           5   0   1   2      0x0      0x0
194                pim_activate           5   0   1   3      0x0      0x0
224                pim_activate           5   0   2   0      0x0      0x0
224                pim_activate           5   0   2   1      0x0      0x0
224                pim_activate           5   0   2   2      0x0      0x0
224                pim_activate           5   0   2   3      0x0      0x0
254                pim_activate           5   0   3   0      0x0      0x0
254                pim_activate           5   0   3   1      0x0      0x0
254                pim_activate           5   0   3   2      0x0      0x0
254                pim_activate           5   0   3   3      0x0      0x0
268                lh_read                5   0   0   0      0x0      0x0
268                lh_read                5   0   0   1      0x0      0x0
268                lh_read                5   0   0   2      0x0      0x0
268                lh_read                5   0   0   3      0x0      0x0
268                lh_read                5   0   1   0      0x0      0x0
268                lh_read                5   0   1   1      0x0      0x0
268                lh_read                5   0   1   2      0x0      0x0
268                lh_read                5   0   1   3      0x0      0x0
268                lh_read                5   0   2   0      0x0      0x0
268                lh_read                5   0   2   1      0x0      0x0
268                lh_read                5   0   2   2      0x0      0x0
268                lh_read                5   0   2   3      0x0      0x0
268                lh_read                5   0   3   0      0x0      0x0
268                lh_read                5   0   3   1      0x0      0x0
268                lh_read                5   0   3   2      0x0      0x0
268                lh_read                5   0   3   3      0x0      0x0
270                lh_read                5   0   0   0      0x0      0x1
270                lh_read                5   0   0   1      0x0      0x1
270                lh_read                5   0   0   2      0x0      0x1
270                lh_read                5   0   0   3      0x0      0x1
270                lh_read                5   0   1   0      0x0      0x1
270                lh_read                5   0   1   1      0x0      0x1
270                lh_read                5   0   1   2      0x0      0x1
270                lh_read                5   0   1   3      0x0      0x1
270                lh_read                5   0   2   0      0x0      0x1
270                lh_read                5   0   2   1      0x0      0x1
270                lh_read                5   0   2   2      0x0      0x1
270                lh_read                5   0   2   3      0x0      0x1
270                lh_read                5   0   3   0      0x0      0x1
270                lh_read                5   0   3   1      0x0      0x1
270                lh_read                5   0   3   2      0x0      0x1
270                lh_read                5   0   3   3      0x0      0x1
272                lh_read                5   0   0   0      0x0      0x2
272                lh_read                5   0   0   1      0x0      0x2
272                lh_read                5   0   0   2      0x0      0x2
272                lh_read                5   0   0   3      0x0      0x2
272                lh_read                5   0   1   0      0x0      0x2
272                lh_read                5   0   1   1      0x0      0x2
272                lh_read                5   0   1   2      0x0      0x2
272                lh_read                5   0   1   3      0x0      0x2
272                lh_read                5   0   2   0      0x0      0x2
272                lh_read                5   0   2   1      0x0      0x2
272                lh_read                5   0   2   2      0x0      0x2
272                lh_read                5   0   2   3      0x0      0x2
272                lh_read                5   0   3   0      0x0      0x2
272                lh_read                5   0   3   1      0x0      0x2
272                lh_read                5   0   3   2      0x0      0x2
272                lh_read                5   0   3   3      0x0      0x2
274                lh_read                5   0   0   0      0x0      0x3
274                lh_read                5   0   0   1      0x0      0x3
274                lh_read                5   0   0   2      0x0      0x3
274                lh_read                5   0   0   3      0x0      0x3
274                lh_read                5   0   1   0      0x0      0x3
274                lh_read                5   0   1   1      0x0      0x3
274                lh_read                5   0   1   2      0x0      0x3
274                lh_read                5   0   1   3      0x0      0x3
274                lh_read                5   0   2   0      0x0      0x3
274                lh_read                5   0   2   1      0x0      0x3
274                lh_read                5   0   2   2      0x0      0x3
274                lh_read                5   0   2   3      0x0      0x3
274                lh_read                5   0   3   0      0x0      0x3
274                lh_read                5   0   3   1      0x0      0x3
274                lh_read                5   0   3   2      0x0      0x3
274                lh_read                5   0   3   3      0x0      0x3
276                lh_read                5   0   0   0      0x0      0x4
276                lh_read                5   0   0   1      0x0      0x4
276                lh_read                5   0   0   2      0x0      0x4
276                lh_read                5   0   0   3      0x0      0x4
276                lh_read                5   0   1   0      0x0      0x4
276                lh_read                5   0   1   1      0x0      0x4
276                lh_read                5   0   1   2      0x0      0x4
276                lh_read                5   0   1   3      0x0      0x4
276                lh_read                5   0   2   0      0x0      0x4
276                lh_read                5   0   2   1      0x0      0x4
276                lh_read                5   0   2   2      0x0      0x4
276                lh_read                5   0   2   3      0x0      0x4
276                lh_read                5   0   3   0      0x0      0x4
276                lh_read                5   0   3   1      0x0      0x4
276                lh_read                5   0   3   2      0x0      0x4
276                lh_read                5   0   3   3      0x0      0x4
278                lh_read                5   0   0   0      0x0      0x5
278                lh_read                5   0   0   1      0x0      0x5
278                lh_read                5   0   0   2      0x0      0x5
278                lh_read                5   0   0   3      0x0      0x5
278                lh_read                5   0   1   0      0x0      0x5
278                lh_read                5   0   1   1      0x0      0x5
278                lh_read                5   0   1   2      0x0      0x5
278                lh_read                5   0   1   3      0x0      0x5
278                lh_read                5   0   2   0      0x0      0x5
278                lh_read                5   0   2   1      0x0      0x5
278                lh_read                5   0   2   2      0x0      0x5
278                lh_read                5   0   2   3      0x0      0x5
278                lh_read                5   0   3   0      0x0      0x5
278                lh_read                5   0   3   1      0x0      0x5
278                lh_read                5   0   3   2      0x0      0x5
278                lh_read                5   0   3   3      0x0      0x5
280                lh_read                5   0   0   0      0x0      0x6
280                lh_read                5   0   0   1      0x0      0x6
280                lh_read                5   0   0   2      0x0      0x6
280                lh_read                5   0   0   3      0x0      0x6
280                lh_read                5   0   1   0      0x0      0x6
280                lh_read                5   0   1   1      0x0      0x6
280                lh_read                5   0   1   2      0x0      0x6
280                lh_read                5   0   1   3      0x0      0x6
280                lh_read                5   0   2   0      0x0      0x6
280                lh_read                5   0   2   1      0x0      0x6
280                lh_read                5   0   2   2      0x0      0x6
280                lh_read                5   0   2   3      0x0      0x6
280                lh_read                5   0   3   0      0x0      0x6
280                lh_read                5   0   3   1      0x0      0x6
280                lh_read                5   0   3   2      0x0      0x6
280                lh_read                5   0   3   3      0x0      0x6
282                lh_read                5   0   0   0      0x0      0x7
282                lh_read                5   0   0   1      0x0      0x7
282                lh_read                5   0   0   2      0x0      0x7
282                lh_read                5   0   0   3      0x0      0x7
282                lh_read                5   0   1   0      0x0      0x7
282                lh_read                5   0   1   1      0x0      0x7
282                lh_read                5   0   1   2      0x0      0x7
282                lh_read                5   0   1   3      0x0      0x7
282                lh_read                5   0   2   0      0x0      0x7
282                lh_read                5   0   2   1      0x0      0x7
282                lh_read                5   0   2   2      0x0      0x7
282                lh_read                5   0   2   3      0x0      0x7
282                lh_read                5   0   3   0      0x0      0x7
282                lh_read                5   0   3   1      0x0      0x7
282                lh_read                5   0   3   2      0x0      0x7
282                lh_read                5   0   3   3      0x0      0x7
284                lh_read                5   0   0   0      0x0      0x8
284                lh_read                5   0   0   1      0x0      0x8
284                lh_read                5   0   0   2      0x0      0x8
284                lh_read                5   0   0   3      0x0      0x8
284                lh_read                5   0   1   0      0x0      0x8
284                lh_read                5   0   1   1      0x0      0x8
284                lh_read                5   0   1   2      0x0      0x8
284                lh_read                5   0   1   3      0x0      0x8
284                lh_read                5   0   2   0      0x0      0x8
284                lh_read                5   0   2   1      0x0      0x8
284                lh_read                5   0   2   2      0x0      0x8
284                lh_read                5   0   2   3      0x0      0x8
284                lh_read                5   0   3   0      0x0      0x8
284                lh_read                5   0   3   1      0x0      0x8
284                lh_read                5   0   3   2      0x0      0x8
284                lh_read                5   0   3   3      0x0      0x8
286                lh_read                5   0   0   0      0x0      0x9
286                lh_read                5   0   0   1      0x0      0x9
286                lh_read                5   0   0   2      0x0      0x9
286                lh_read                5   0   0   3      0x0      0x9
286                lh_read                5   0   1   0      0x0      0x9
286                lh_read                5   0   1   1      0x0      0x9
286                lh_read                5   0   1   2      0x0      0x9
286                lh_read                5   0   1   3      0x0      0x9
286                lh_read                5   0   2   0      0x0      0x9
286                lh_read                5   0   2   1      0x0      0x9
286                lh_read                5   0   2   2      0x0      0x9
286                lh_read                5   0   2   3      0x0      0x9
286                lh_read                5   0   3   0      0x0      0x9
286                lh_read                5   0   3   1      0x0      0x9
286                lh_read                5   0   3   2      0x0      0x9
286                lh_read                5   0   3   3      0x0      0x9
288                lh_read                5   0   0   0      0x0      0xa
288                lh_read                5   0   0   1      0x0      0xa
288                lh_read                5   0   0   2      0x0      0xa
288                lh_read                5   0   0   3      0x0      0xa
288                lh_read                5   0   1   0      0x0      0xa
288                lh_read                5   0   1   1      0x0      0xa
288                lh_read                5   0   1   2      0x0      0xa
288                lh_read                5   0   1   3      0x0      0xa
288                lh_read                5   0   2   0      0x0      0xa
288                lh_read                5   0   2   1      0x0      0xa
288                lh_read                5   0   2   2      0x0      0xa
288                lh_read                5   0   2   3      0x0      0xa
288                lh_read                5   0   3   0      0x0      0xa
288                lh_read                5   0   3   1      0x0      0xa
288                lh_read                5   0   3   2      0x0      0xa
288                lh_read                5   0   3   3      0x0      0xa
290                lh_read                5   0   0   0      0x0      0xb
290                lh_read                5   0   0   1      0x0      0xb
290                lh_read                5   0   0   2      0x0      0xb
290                lh_read                5   0   0   3      0x0      0xb
290                lh_read                5   0   1   0      0x0      0xb
290                lh_read                5   0   1   1      0x0      0xb
290                lh_read                5   0   1   2      0x0      0xb
290                lh_read                5   0   1   3      0x0      0xb
290                lh_read                5   0   2   0      0x0      0xb
290                lh_read                5   0   2   1      0x0      0xb
290                lh_read                5   0   2   2      0x0      0xb
290                lh_read                5   0   2   3      0x0      0xb
290                lh_read                5   0   3   0      0x0      0xb
290                lh_read                5   0   3   1      0x0      0xb
290                lh_read                5   0   3   2      0x0      0xb
290                lh_read                5   0   3   3      0x0      0xb
