5                  pim_activate           2   0   0   0   0x199d      0x0
19                 gh_read                2   0   0   0   0x199d      0x0
21                 gh_read                2   0   0   0   0x199d      0x1
23                 gh_read                2   0   0   0   0x199d      0x2
25                 gh_read                2   0   0   0   0x199d      0x3
27                 gh_read                2   0   0   0   0x199d      0x4
29                 gh_read                2   0   0   0   0x199d      0x5
31                 gh_read                2   0   0   0   0x199d      0x6
33                 gh_read                2   0   0   0   0x199d      0x7
35                 gh_read                2   0   0   0   0x199d      0x8
37                 gh_read                2   0   0   0   0x199d      0x9
39                 gh_read                2   0   0   0   0x199d      0xa
41                 gh_read                2   0   0   0   0x199d      0xb
43                 gh_read                2   0   0   0   0x199d      0xc
45                 gh_read                2   0   0   0   0x199d      0xd
47                 gh_read                2   0   0   0   0x199d      0xe
49                 gh_read                2   0   0   0   0x199d      0xf
51                 gh_read                2   0   0   0   0x199d     0x10
53                 gh_read                2   0   0   0   0x199d     0x11
55                 gh_read                2   0   0   0   0x199d     0x12
57                 gh_read                2   0   0   0   0x199d     0x13
59                 gh_read                2   0   0   0   0x199d     0x14
61                 gh_read                2   0   0   0   0x199d     0x15
63                 gh_read                2   0   0   0   0x199d     0x16
65                 gh_read                2   0   0   0   0x199d     0x17
67                 gh_read                2   0   0   0   0x199d     0x18
69                 gh_read                2   0   0   0   0x199d     0x19
71                 gh_read                2   0   0   0   0x199d     0x1a
73                 gh_read                2   0   0   0   0x199d     0x1b
75                 gh_read                2   0   0   0   0x199d     0x1c
77                 gh_read                2   0   0   0   0x199d     0x1d
79                 gh_read                2   0   0   0   0x199d     0x1e
81                 gh_read                2   0   0   0   0x199d     0x1f
83                 gh_read                2   0   0   0   0x199d     0x20
85                 gh_read                2   0   0   0   0x199d     0x21
87                 gh_read                2   0   0   0   0x199d     0x22
89                 gh_read                2   0   0   0   0x199d     0x23
91                 gh_read                2   0   0   0   0x199d     0x24
93                 gh_read                2   0   0   0   0x199d     0x25
95                 gh_read                2   0   0   0   0x199d     0x26
97                 gh_read                2   0   0   0   0x199d     0x27
99                 gh_read                2   0   0   0   0x199d     0x28
101                gh_read                2   0   0   0   0x199d     0x29
103                gh_read                2   0   0   0   0x199d     0x2a
105                gh_read                2   0   0   0   0x199d     0x2b
107                gh_read                2   0   0   0   0x199d     0x2c
109                gh_read                2   0   0   0   0x199d     0x2d
111                gh_read                2   0   0   0   0x199d     0x2e
113                gh_read                2   0   0   0   0x199d     0x2f
115                gh_read                2   0   0   0   0x199d     0x30
117                gh_read                2   0   0   0   0x199d     0x31
119                gh_read                2   0   0   0   0x199d     0x32
121                gh_read                2   0   0   0   0x199d     0x33
123                gh_read                2   0   0   0   0x199d     0x34
125                gh_read                2   0   0   0   0x199d     0x35
